[
    {
        "title": "Name",
        "key": "name",
        "sortable": false,
        "type": "text"
    }
]
