[
    {
        "title": "Anrede",
        "key": "salution_id",
        "sortable": false,
        "type": "select"
    }
]
