[
    {
        "text": "",
        "key": "is_company",
        "type": "hidden",
        "section": "contactCompanyBasic",
        "cols": 0,
        "data": 1,
        "default": "1"
    },
    {
        "text": "Firma",
        "key": "company_name",
        "type": "text",
        "section": "contactCompanyBasic",
        "cols": 12,
        "data": null
    },
    {
        "text": "E-Mail Adresse",
        "key": "email_private",
        "type": "email",
        "section": "contactCompanyBasic",
        "cols": 8,
        "data": null
    },
    {
        "text": "Tel",
        "key": "phone",
        "type": "phone",
        "section": "contactCompanyBasic",
        "cols": 4,
        "data": null
    },
    {
        "text": "addresses",
        "key": "address",
        "type": "table",
        "section": "contactCompanyAddress",
        "cols": 12,
        "data": null,
        "fields": [
            {
                "text": "Strasse",
                "key": "street",
                "value": "street",
                "type": "text",
                "section": "none",
                "cols": 6
            },
            {
                "text": "PLZ",
                "key": "zip",
                "value": "zip",
                "type": "zip",
                "section": "none",
                "cols": 1
            },
            {
                "text": "Ort",
                "key": "city",
                "value": "city",
                "type": "city",
                "section": "none",
                "cols": 5
            }
        ]
    }
]
