[
    {
        "title": "Name",
        "key": "name",
        "sortable": false,
        "type": "text"
    },
    {
        "title": "Einheit",
        "key": "unit_id",
        "sortable": false,
        "type": "select"
    },
    {
        "title": "Preis",
        "key": "price",
        "sortable": false,
        "type": "currency"
    }
]
