[
    {
        "text": "Stammdaten",
        "key": "itemBasic",
        "isTab": false
    }
]
