[
    {
        "text": "Name",
        "key": "name",
        "type": "text",
        "section": "itemBasic",
        "cols": 6,
        "data": null
    },
    {
        "text": "item.unit",
        "key": "unit_id",
        "type": "select",
        "section": "itemBasic",
        "cols": 2,
        "data": [
            {
                "id": 1,
                "text": "Stk."
            },
            {
                "id": 2,
                "text": "h"
            }
        ]
    },
    {
        "text": "Preis",
        "key": "price",
        "type": "currency",
        "section": "itemBasic",
        "cols": 2,
        "data": null
    }
]
