[
    {
        "text": "Stammdaten",
        "key": "jobType1Basic",
        "isTab": false
    }
]
